config.db
general.hlp
move.hlp
inventory.hlp
status.hlp
skills.hlp
combat.hlp
comms.hlp
story.hlp
script.hlp
immref.hlp
newbie.hlp
imc.hlp
tips.hlp
socials.hlp
database.db
immortal.db
limbo.db
tutorial.db
player.db
kess.zone
tiktuan.zone
buccaneers.zone
arcana.zone
vietnam1960.zone
train.zone
kltara.zone
okham.zone
tunnels.zone
githranyr.zone
bloodmines.zone
kralan.zone
zalufin.zone
alamut.zone
underearth.zone
dilandur.zone
mudak.zone
soedar.zone
eastern.zone
muardine.zone
timetunnel.zone
tetrazon.zone
bonnieandclyde.zone
oldwest.zone
starschool.zone
prison.zone
london.zone
soudkyr.zone
mainland/plains.are
mainland/ofcol2.are
mainland/olympus.are
mainland/air.are
mainland/drev.are
mainland/hitower.are
mainland/gnome.are
mainland/wyvern.are
mainland/catacomb.are
mainland/hood.are
mainland/draconia.are
mainland/mahntor.are
mainland/trollden.are
mainland/firenewt.are
mainland/midgaard.are
mainland/chapel.are
mainland/midennir.are
mainland/grave.are
mainland/school.are
mainland/moria.are
mainland/juargan.are
mainland/eastern.are
mainland/drow.are
mainland/thalos.are
mainland/mirror.are
mainland/ofcol.are
mainland/haon.are
mainland/arachnos.are
mainland/dwarven.are
mainland/daycare.are
mainland/sewer.are
mainland/valley.are
kyrinn.zone
mainland/mega1.are
mainland/marsh.are
mainland/dream.are
mainland/grove.are
mainland/dylan.are
mainland/canyon.are
mainland/galaxy.are
mainland/mobfact.are
ysabel.zone
zone-074.zone
brave.zone
astral.zone
mainland.zone
appendix.db
$
